
> mareagora-next@0.1.0 build
> next build

node.exe : 
No linha:1 caractere:1
+ & "C:\Program 
Files\nodejs/node.exe" 
"C:\Program 
Files\nodejs/node_mo 
...
+ ~~~~~~~~~~~~~~~~~~~~~
~~~~~~~~~~~~~~~~~~~~~~~
~~~~~~~~~~~~~~~~~~~~~~~
~~
    + CategoryInfo     
         : 
NotSpecified: (:St    
ring) [], RemoteExcept 
   ion
    + 
FullyQualifiedErrorI   
 d : NativeCommandError
 
> Build error occurred
Error: Configuring 
Next.js via 
'next.config.ts' is 
not supported. Please 
replace the file with 
'next.config.js' or 
'next.config.mjs'.
    at loadConfig (C:\U
sers\gusta\.gemini\anti
gravity\scratch\mareago
ra-next\node_modules\ne
xt\dist\server\config.j
s:800:19)
    at async 
Span.traceAsyncFn (C:\U
sers\gusta\.gemini\anti
gravity\scratch\mareago
ra-next\node_modules\ne
xt\dist\trace\trace.js:
154:20)
    at async C:\Users\g
usta\.gemini\antigravit
y\scratch\mareagora-nex
t\node_modules\next\dis
t\build\index.js:370:28
    at async 
Span.traceAsyncFn (C:\U
sers\gusta\.gemini\anti
gravity\scratch\mareago
ra-next\node_modules\ne
xt\dist\trace\trace.js:
154:20)
    at async build (C:\
Users\gusta\.gemini\ant
igravity\scratch\mareag
ora-next\node_modules\n
ext\dist\build\index.js
:364:9)
